{
    "Should run without failures": {
        "content": [
            [
                [
                    {
                        "caseid": "test",
                        "sampleid": "test",
                        "timepoint": "T1"
                    },
                    "test.paired_end.sorted.filtered.bam:md5,d3565dd09b19fcb726f0bf52a7389cbd",
                    "test.paired_end.sorted.filtered.bam.bai:md5,65d3480cba8732dc1669f2fc67301da7"
                ]
            ],
            [
                "versions.yml:md5,8e1da23404c22cba5eb736cc23529841"
            ]
        ],
        "meta": {
            "nf-test": "0.9.2",
            "nextflow": "24.10.3"
        },
        "timestamp": "2025-01-16T11:56:49.091666"
    }
}